2025-04-03 07:20:00 | WARN | repo=a4m36jee-2014-cdi-seminar | action=commit
2025-05-07 17:15:00 | WARN | repo=a4m36jee-2014-cdi-seminar | action=edit | files=1
2025-12-27 07:07:00 | INFO | repo=a4m36jee-2014-cdi-seminar | action=test | passed=true
2025-09-19 09:24:00 | DEBUG | repo=a4m36jee-2014-cdi-seminar | action=commit
2025-11-02 14:32:00 | INFO | repo=a4m36jee-2014-cdi-seminar | action=commit
2025-03-14 16:01:00 | DEBUG | repo=a4m36jee-2014-cdi-seminar | action=commit
2025-11-08 12:01:00 | DEBUG | repo=a4m36jee-2014-cdi-seminar | action=test | passed=true
2025-10-08 14:17:00 | WARN | repo=a4m36jee-2014-cdi-seminar | action=commit
2025-11-12 17:05:00 | INFO | repo=a4m36jee-2014-cdi-seminar | action=test | passed=true
2025-12-27 21:30:00 | DEBUG | repo=a4m36jee-2014-cdi-seminar | action=commit
2025-11-11 20:37:00 | DEBUG | repo=a4m36jee-2014-cdi-seminar | action=commit
2025-07-19 09:25:00 | INFO | repo=a4m36jee-2014-cdi-seminar | action=pull
2025-02-25 15:06:00 | INFO | repo=a4m36jee-2014-cdi-seminar | action=commit
2025-02-03 16:53:00 | WARN | repo=a4m36jee-2014-cdi-seminar | action=pull
2025-06-20 19:40:00 | INFO | repo=a4m36jee-2014-cdi-seminar | action=pull
2025-04-14 11:24:00 | DEBUG | repo=a4m36jee-2014-cdi-seminar | action=commit
2025-10-24 08:56:00 | DEBUG | repo=a4m36jee-2014-cdi-seminar | action=commit
2025-08-18 15:02:00 | DEBUG | repo=a4m36jee-2014-cdi-seminar | action=test | passed=true
2025-11-20 21:31:00 | DEBUG | repo=a4m36jee-2014-cdi-seminar | action=commit
2025-12-17 20:14:00 | INFO | repo=a4m36jee-2014-cdi-seminar | action=commit
2025-08-09 08:43:00 | DEBUG | repo=a4m36jee-2014-cdi-seminar | action=edit | files=4
2025-06-14 14:58:00 | INFO | repo=a4m36jee-2014-cdi-seminar | action=edit | files=4
2025-10-19 07:56:00 | INFO | repo=a4m36jee-2014-cdi-seminar | action=commit
2025-03-01 07:57:00 | DEBUG | repo=a4m36jee-2014-cdi-seminar | action=pull
2025-09-20 15:44:00 | INFO | repo=a4m36jee-2014-cdi-seminar | action=commit
2025-07-04 17:02:00 | INFO | repo=a4m36jee-2014-cdi-seminar | action=commit
2025-10-22 12:46:00 | WARN | repo=a4m36jee-2014-cdi-seminar | action=test | passed=true
2025-02-02 11:47:00 | WARN | repo=a4m36jee-2014-cdi-seminar | action=commit
2025-01-28 21:53:00 | WARN | repo=a4m36jee-2014-cdi-seminar | action=commit
2025-10-16 10:30:00 | WARN | repo=a4m36jee-2014-cdi-seminar | action=test | passed=true
2025-09-19 19:41:00 | DEBUG | repo=a4m36jee-2014-cdi-seminar | action=edit | files=3
2025-09-12 21:24:00 | WARN | repo=a4m36jee-2014-cdi-seminar | action=commit
2025-05-21 17:18:00 | INFO | repo=a4m36jee-2014-cdi-seminar | action=pull
2025-06-10 19:08:00 | INFO | repo=a4m36jee-2014-cdi-seminar | action=pull
2025-03-26 13:00:00 | DEBUG | repo=a4m36jee-2014-cdi-seminar | action=commit
2025-09-10 16:02:00 | INFO | repo=a4m36jee-2014-cdi-seminar | action=edit | files=2
2025-10-26 10:11:00 | INFO | repo=a4m36jee-2014-cdi-seminar | action=commit
2025-12-26 07:56:00 | WARN | repo=a4m36jee-2014-cdi-seminar | action=commit
2025-05-19 08:29:00 | WARN | repo=a4m36jee-2014-cdi-seminar | action=commit
2025-10-11 16:26:00 | DEBUG | repo=a4m36jee-2014-cdi-seminar | action=commit
2025-03-04 21:36:00 | INFO | repo=a4m36jee-2014-cdi-seminar | action=pull
2025-06-20 12:11:00 | INFO | repo=a4m36jee-2014-cdi-seminar | action=commit
2025-08-04 21:46:00 | WARN | repo=a4m36jee-2014-cdi-seminar | action=pull
2025-02-14 19:28:00 | INFO | repo=a4m36jee-2014-cdi-seminar | action=edit | files=2
2025-08-16 07:11:00 | INFO | repo=a4m36jee-2014-cdi-seminar | action=commit
2025-03-16 12:40:00 | INFO | repo=a4m36jee-2014-cdi-seminar | action=commit
2025-01-14 13:23:00 | DEBUG | repo=a4m36jee-2014-cdi-seminar | action=commit
2025-07-06 12:08:00 | INFO | repo=a4m36jee-2014-cdi-seminar | action=commit
2025-11-17 21:38:00 | INFO | repo=a4m36jee-2014-cdi-seminar | action=commit
2025-06-06 08:27:00 | DEBUG | repo=a4m36jee-2014-cdi-seminar | action=pull
2025-11-11 19:07:00 | DEBUG | repo=a4m36jee-2014-cdi-seminar | action=commit
2025-03-28 09:36:00 | DEBUG | repo=a4m36jee-2014-cdi-seminar | action=commit
2025-03-05 20:58:00 | INFO | repo=a4m36jee-2014-cdi-seminar | action=commit
2025-08-25 20:43:00 | DEBUG | repo=a4m36jee-2014-cdi-seminar | action=commit
2025-03-18 12:50:00 | INFO | repo=a4m36jee-2014-cdi-seminar | action=commit
2025-03-06 17:12:00 | DEBUG | repo=a4m36jee-2014-cdi-seminar | action=commit
2025-04-25 19:03:00 | WARN | repo=a4m36jee-2014-cdi-seminar | action=pull
2025-08-05 13:51:00 | WARN | repo=a4m36jee-2014-cdi-seminar | action=commit
2025-08-17 07:58:00 | INFO | repo=a4m36jee-2014-cdi-seminar | action=commit
2025-11-09 16:19:00 | INFO | repo=a4m36jee-2014-cdi-seminar | action=commit
2025-04-08 14:38:00 | INFO | repo=a4m36jee-2014-cdi-seminar | action=pull
2025-02-15 08:48:00 | DEBUG | repo=a4m36jee-2014-cdi-seminar | action=edit | files=1
2025-05-23 07:06:00 | DEBUG | repo=a4m36jee-2014-cdi-seminar | action=commit
2025-08-01 20:57:00 | WARN | repo=a4m36jee-2014-cdi-seminar | action=pull
2025-09-11 16:48:00 | WARN | repo=a4m36jee-2014-cdi-seminar | action=commit
2025-07-18 19:36:00 | WARN | repo=a4m36jee-2014-cdi-seminar | action=edit | files=5
2025-02-18 07:25:00 | WARN | repo=a4m36jee-2014-cdi-seminar | action=pull
2025-02-19 10:04:00 | INFO | repo=a4m36jee-2014-cdi-seminar | action=commit
2025-09-08 09:36:00 | WARN | repo=a4m36jee-2014-cdi-seminar | action=edit | files=5
2025-02-23 19:14:00 | DEBUG | repo=a4m36jee-2014-cdi-seminar | action=pull
2025-08-13 21:23:00 | WARN | repo=a4m36jee-2014-cdi-seminar | action=commit
2025-05-20 20:16:00 | DEBUG | repo=a4m36jee-2014-cdi-seminar | action=pull
2025-06-11 20:52:00 | DEBUG | repo=a4m36jee-2014-cdi-seminar | action=test | passed=true
2025-03-19 09:53:00 | DEBUG | repo=a4m36jee-2014-cdi-seminar | action=commit
2025-11-09 14:07:00 | WARN | repo=a4m36jee-2014-cdi-seminar | action=commit
2025-05-26 17:03:00 | INFO | repo=a4m36jee-2014-cdi-seminar | action=edit | files=5
2025-11-09 16:45:00 | DEBUG | repo=a4m36jee-2014-cdi-seminar | action=edit | files=3
2025-11-08 09:12:00 | INFO | repo=a4m36jee-2014-cdi-seminar | action=commit
2025-12-04 19:50:00 | WARN | repo=a4m36jee-2014-cdi-seminar | action=edit | files=3
2025-06-14 11:31:00 | WARN | repo=a4m36jee-2014-cdi-seminar | action=pull
2025-12-23 13:03:00 | INFO | repo=a4m36jee-2014-cdi-seminar | action=test | passed=true
2025-01-01 14:24:00 | DEBUG | repo=a4m36jee-2014-cdi-seminar | action=edit | files=5
2025-03-19 19:56:00 | DEBUG | repo=a4m36jee-2014-cdi-seminar | action=commit
2025-02-09 09:16:00 | DEBUG | repo=a4m36jee-2014-cdi-seminar | action=test | passed=true
2025-09-09 15:53:00 | DEBUG | repo=a4m36jee-2014-cdi-seminar | action=test | passed=true
2025-06-22 12:30:00 | DEBUG | repo=a4m36jee-2014-cdi-seminar | action=commit
2025-01-01 07:13:00 | INFO | repo=a4m36jee-2014-cdi-seminar | action=edit | files=1
2025-06-18 18:03:00 | DEBUG | repo=a4m36jee-2014-cdi-seminar | action=pull
2025-04-14 17:31:00 | WARN | repo=a4m36jee-2014-cdi-seminar | action=edit | files=2
2025-02-13 16:38:00 | WARN | repo=a4m36jee-2014-cdi-seminar | action=pull
2025-01-11 13:45:00 | WARN | repo=a4m36jee-2014-cdi-seminar | action=test | passed=true
2025-12-01 16:09:00 | INFO | repo=a4m36jee-2014-cdi-seminar | action=commit
2025-08-13 08:13:00 | INFO | repo=a4m36jee-2014-cdi-seminar | action=commit
2025-08-11 17:25:00 | WARN | repo=a4m36jee-2014-cdi-seminar | action=test | passed=true
2025-12-17 20:27:00 | WARN | repo=a4m36jee-2014-cdi-seminar | action=commit
2025-07-09 08:53:00 | WARN | repo=a4m36jee-2014-cdi-seminar | action=commit
2025-05-21 10:00:00 | INFO | repo=a4m36jee-2014-cdi-seminar | action=pull
2025-03-16 08:14:00 | WARN | repo=a4m36jee-2014-cdi-seminar | action=edit | files=1
2025-04-23 18:50:00 | DEBUG | repo=a4m36jee-2014-cdi-seminar | action=edit | files=4
2025-06-25 15:22:00 | DEBUG | repo=a4m36jee-2014-cdi-seminar | action=commit
2025-06-10 07:38:00 | DEBUG | repo=a4m36jee-2014-cdi-seminar | action=edit | files=1
2025-06-07 13:13:00 | DEBUG | repo=a4m36jee-2014-cdi-seminar | action=commit
2025-01-08 07:33:00 | WARN | repo=a4m36jee-2014-cdi-seminar | action=test | passed=true
2025-11-07 08:23:00 | WARN | repo=a4m36jee-2014-cdi-seminar | action=commit
2025-04-07 18:10:00 | INFO | repo=a4m36jee-2014-cdi-seminar | action=commit
2025-09-09 20:14:00 | DEBUG | repo=a4m36jee-2014-cdi-seminar | action=commit
2025-04-27 14:21:00 | DEBUG | repo=a4m36jee-2014-cdi-seminar | action=commit
2025-05-20 12:43:00 | INFO | repo=a4m36jee-2014-cdi-seminar | action=edit | files=1
2025-12-15 10:09:00 | WARN | repo=a4m36jee-2014-cdi-seminar | action=test | passed=true
2025-02-08 07:41:00 | DEBUG | repo=a4m36jee-2014-cdi-seminar | action=test | passed=true
2025-03-21 07:22:00 | WARN | repo=a4m36jee-2014-cdi-seminar | action=test | passed=true
2025-11-21 08:08:00 | WARN | repo=a4m36jee-2014-cdi-seminar | action=commit
2025-10-24 19:17:00 | WARN | repo=a4m36jee-2014-cdi-seminar | action=pull
2025-01-10 12:32:00 | WARN | repo=a4m36jee-2014-cdi-seminar | action=commit
2025-07-06 12:57:00 | INFO | repo=a4m36jee-2014-cdi-seminar | action=commit
2025-08-26 20:52:00 | DEBUG | repo=a4m36jee-2014-cdi-seminar | action=commit
2025-02-11 19:00:00 | DEBUG | repo=a4m36jee-2014-cdi-seminar | action=commit
2025-02-10 09:12:00 | INFO | repo=a4m36jee-2014-cdi-seminar | action=commit
2025-05-15 15:36:00 | DEBUG | repo=a4m36jee-2014-cdi-seminar | action=pull
2025-11-16 07:52:00 | DEBUG | repo=a4m36jee-2014-cdi-seminar | action=commit
2025-12-23 09:11:00 | INFO | repo=a4m36jee-2014-cdi-seminar | action=pull
2025-01-06 07:42:00 | WARN | repo=a4m36jee-2014-cdi-seminar | action=commit
2025-10-05 20:56:00 | WARN | repo=a4m36jee-2014-cdi-seminar | action=commit
2025-03-19 16:29:00 | WARN | repo=a4m36jee-2014-cdi-seminar | action=commit
2025-04-18 18:07:00 | INFO | repo=a4m36jee-2014-cdi-seminar | action=commit
2025-11-18 18:14:00 | WARN | repo=a4m36jee-2014-cdi-seminar | action=test | passed=true
2025-02-25 21:13:00 | INFO | repo=a4m36jee-2014-cdi-seminar | action=edit | files=4
2025-10-22 18:55:00 | WARN | repo=a4m36jee-2014-cdi-seminar | action=test | passed=true
2025-12-11 18:29:00 | WARN | repo=a4m36jee-2014-cdi-seminar | action=pull
2025-01-09 16:27:00 | INFO | repo=a4m36jee-2014-cdi-seminar | action=test | passed=true
2025-01-28 17:59:00 | DEBUG | repo=a4m36jee-2014-cdi-seminar | action=commit
2025-01-26 19:25:00 | INFO | repo=a4m36jee-2014-cdi-seminar | action=commit
2025-04-18 11:42:00 | WARN | repo=a4m36jee-2014-cdi-seminar | action=commit
2025-01-25 13:30:00 | DEBUG | repo=a4m36jee-2014-cdi-seminar | action=commit
2025-06-06 10:11:00 | WARN | repo=a4m36jee-2014-cdi-seminar | action=commit
2025-04-28 08:20:00 | INFO | repo=a4m36jee-2014-cdi-seminar | action=pull
2025-03-23 20:30:00 | DEBUG | repo=a4m36jee-2014-cdi-seminar | action=edit | files=1
2025-12-17 08:03:00 | WARN | repo=a4m36jee-2014-cdi-seminar | action=test | passed=true
2025-12-18 10:16:00 | WARN | repo=a4m36jee-2014-cdi-seminar | action=commit
2025-05-23 08:15:00 | INFO | repo=a4m36jee-2014-cdi-seminar | action=commit
2025-01-06 07:01:00 | WARN | repo=a4m36jee-2014-cdi-seminar | action=test | passed=true
2025-02-03 19:16:00 | INFO | repo=a4m36jee-2014-cdi-seminar | action=commit
2025-11-20 09:44:00 | DEBUG | repo=a4m36jee-2014-cdi-seminar | action=commit
2025-10-20 07:35:00 | INFO | repo=a4m36jee-2014-cdi-seminar | action=commit
2025-07-25 18:16:00 | WARN | repo=a4m36jee-2014-cdi-seminar | action=commit
2025-02-15 17:44:00 | WARN | repo=a4m36jee-2014-cdi-seminar | action=commit
2025-08-19 17:22:00 | DEBUG | repo=a4m36jee-2014-cdi-seminar | action=pull
2025-11-16 11:07:00 | INFO | repo=a4m36jee-2014-cdi-seminar | action=commit
2025-08-14 14:00:00 | INFO | repo=a4m36jee-2014-cdi-seminar | action=commit
2025-01-12 19:26:00 | INFO | repo=a4m36jee-2014-cdi-seminar | action=pull
2025-10-22 14:09:00 | INFO | repo=a4m36jee-2014-cdi-seminar | action=commit
2025-10-08 19:06:00 | DEBUG | repo=a4m36jee-2014-cdi-seminar | action=pull
2025-06-26 11:48:00 | WARN | repo=a4m36jee-2014-cdi-seminar | action=commit
2025-04-22 13:37:00 | INFO | repo=a4m36jee-2014-cdi-seminar | action=commit
2025-08-21 16:17:00 | DEBUG | repo=a4m36jee-2014-cdi-seminar | action=pull
2025-01-07 18:04:00 | INFO | repo=a4m36jee-2014-cdi-seminar | action=commit
2025-11-05 21:26:00 | WARN | repo=a4m36jee-2014-cdi-seminar | action=commit
2025-07-12 15:00:00 | INFO | repo=a4m36jee-2014-cdi-seminar | action=commit
2025-07-05 17:40:00 | DEBUG | repo=a4m36jee-2014-cdi-seminar | action=commit
2025-05-27 19:54:00 | WARN | repo=a4m36jee-2014-cdi-seminar | action=edit | files=2
2025-10-11 07:50:00 | DEBUG | repo=a4m36jee-2014-cdi-seminar | action=commit
2025-08-15 08:12:00 | WARN | repo=a4m36jee-2014-cdi-seminar | action=commit
